
> lega-app@0.1.0 build
> next build

Ôû▓ Next.js 16.2.4 (Turbopack)
- Environments: .env.local
- Experiments (use with caution):
  ┬À serverActions

  Creating an optimized production build ...
Ô£ô Compiled successfully in 6.8s
  Running TypeScript ...
node.exe : Failed to type check.
En línea: 1 Carácter: 1
+ & "C:\Program Files\nodejs/node.exe" "C:\Program 
Files\nodejs/node_mo ...
+ ~~~~~~~~~~~~~~~~~~~~~~~~~~~~~~~~~~~~~~~~~~~~~~~~~
~~~~~~~~~~~~~~~~~~~~
    + CategoryInfo          : NotSpecified: (Faile 
   d to type check.:String) [], RemoteException
    + FullyQualifiedErrorId : NativeCommandError
 

.next/dev/types/validator.ts:53:39
Type error: Cannot find module 
'../../../src/app/calendario-aire/page.js' or its 
corresponding type declarations.

  [90m51 |[0m {
  [90m52 |[0m   [36mtype[0m 
__IsExpected<[33mSpecific[0m [36mextends[0m [3
3mAppPageConfig[0m<[32m"/calendario-aire"[0m>> 
= [33mSpecific[0m
[31m[1m>[0m [90m53 |[0m   [36mconst[0m 
handler = {} [36mas[0m [36mtypeof[0m [36mimpor
t[0m([32m"../../../src/app/calendario-aire/page.j
s"[0m)
  [90m   |[0m                                    
   [31m[1m^[0m
  [90m54 |[0m   [36mtype[0m __Check = 
__IsExpected<[36mtypeof[0m handler>
  [90m55 |[0m   [90m// @ts-ignore[0m
  [90m56 |[0m   [36mtype[0m __Unused = __Check
Next.js build worker exited with code: 1 and 
signal: null
